******************************************************************************
                  TI ARM Linker PC v20.2.4                     
******************************************************************************
>> Linked Thu Dec  9 15:01:47 2021

OUTPUT FILE NAME:   <CML-CMR_Anexo_Logico.out>
ENTRY POINT SYMBOL: "_c_int00"  address: 00008690


MEMORY CONFIGURATION

         name            origin    length      used     unused   attr    fill
----------------------  --------  ---------  --------  --------  ----  --------
  VECTORS               00000000   00000020  00000020  00000000     X
  FLASH0                00000020   0017ffe0  00009770  00176870  R  X
  FLASH1                00180000   00180000  00000000  00180000  R  X
  STACKS                08000000   00001500  00000000  00001500  RW  
  RAM                   08001500   0003eb00  00000028  0003ead8  RW  


SEGMENT ALLOCATION MAP

run origin  load origin   length   init length attrs members
----------  ----------- ---------- ----------- ----- -------
00000000    00000000    00009794   00009794    r-x
  00000000    00000000    00000020   00000020    r-x .intvecs
  00000020    00000020    0000921c   0000921c    r-x .text
  0000923c    0000923c    00000540   00000540    r-- .const
  00009780    00009780    00000014   00000014    r-- .cinit
08001500    08001500    00000028   00000000    rw-
  08001500    08001500    00000028   00000000    rw- .bss


SECTION ALLOCATION MAP

 output                                  attributes/
section   page    origin      length       input sections
--------  ----  ----------  ----------   ----------------
.intvecs   0    00000000    00000020     
                  00000000    00000020     sys_intvecs.obj (.intvecs)

.text      0    00000020    0000921c     
                  00000020    00002cdc     sys_selftest.obj (.text)
                  00002cfc    00000fb0     mibspi.obj (.text)
                  00003cac    00000bb0     sys_main.obj (.text)
                  0000485c    00000b64     system.obj (.text)
                  000053c0    000008f4     het.obj (.text)
                  00005cb4    00000898     sys_vim.obj (.text)
                  0000654c    000007a8     sci.obj (.text)
                  00006cf4    00000664     errata_SSWF021_45.obj (.text)
                  00007358    000005bc     esm.obj (.text)
                  00007914    000005ac     pinmux.obj (.text)
                  00007ec0    00000484     gio.obj (.text)
                  00008344    0000034c     sys_core.obj (.text)
                  00008690    000002a4     sys_startup.obj (.text:retain)
                  00008934    00000290     sys_vim.obj (.text:retain)
                  00008bc4    0000014c     notification.obj (.text)
                  00008d10    00000114     esm.obj (.text:retain)
                  00008e24    000000e8     dabort.obj (.text)
                  00008f0c    000000e0     rtsv7R4_T_be_v3D16_eabi.lib : s_floor.c.obj (.text:floor)
                  00008fec    000000e0     sys_pmu.obj (.text)
                  000090cc    0000009c     rtsv7R4_T_be_v3D16_eabi.lib : memcpy_t2.asm.obj (.text)
                  00009168    00000050                                 : u_div32.asm.obj (.text)
                  000091b8    00000044                                 : autoinit.c.obj (.text:__TI_auto_init_nobinit_nopinit:__TI_auto_init_nobinit_nopinit)
                  000091fc    0000001c                                 : copy_zero_init.c.obj (.text:decompress:ZI:__TI_zero_init_nomemset:__TI_zero_init_nomemset)
                  00009218    00000016                                 : strlen.c.obj (.text:strlen)
                  0000922e    00000004                                 : exit.c.obj (.text:abort:abort)
                  00009232    00000002                                 : div0.asm.obj (.text)
                  00009234    00000004     sys_phantom.obj (.text:retain)
                  00009238    00000004     sys_startup.obj (.text)

.const     0    0000923c    00000540     
                  0000923c    000003a0     het.obj (.const:het1PROGRAM)
                  000095dc    00000180     sys_vim.obj (.const:s_vim_init)
                  0000975c    00000020     het.obj (.const:s_het1pwmPolarity)

.cinit     0    00009780    00000014     
                  00009780    00000008     (.cinit..bss.load) [load image, compression = zero_init]
                  00009788    00000004     (__TI_handler_table)
                  0000978c    00000008     (__TI_cinit_table)

.bss       0    08001500    00000028     UNINITIALIZED
                  08001500    00000028     sci.obj (.bss:g_sciTransfer_t)

__llvm_prf_cnts 
*          0    08001500    00000000     UNINITIALIZED

MODULE SUMMARY

       Module                  code    ro data   rw data
       ------                  ----    -------   -------
    .\source\
       sys_selftest.obj        11484   0         0      
       mibspi.obj              4016    0         0      
       het.obj                 2292    960       0      
       sys_vim.obj             2856    384       0      
       sys_main.obj            2992    0         0      
       system.obj              2916    0         0      
       sci.obj                 1960    0         40     
       esm.obj                 1744    0         0      
       errata_SSWF021_45.obj   1636    0         0      
       pinmux.obj              1452    0         0      
       gio.obj                 1156    0         0      
       sys_core.obj            844     0         0      
       sys_startup.obj         680     0         0      
       notification.obj        332     0         0      
       dabort.obj              232     0         0      
       sys_pmu.obj             224     0         0      
       sys_intvecs.obj         32      0         0      
       sys_phantom.obj         4       0         0      
    +--+-----------------------+-------+---------+---------+
       Total:                  36852   1344      40     
                                                        
    C:/ti/ccs1031/ccs/tools/compiler/ti-cgt-arm_20.2.4.LTS/lib/rtsv7R4_T_be_v3D16_eabi.lib
       s_floor.c.obj           224     0         0      
       memcpy_t2.asm.obj       156     0         0      
       u_div32.asm.obj         80      0         0      
       autoinit.c.obj          68      0         0      
       copy_zero_init.c.obj    28      0         0      
       strlen.c.obj            22      0         0      
       exit.c.obj              4       0         0      
       div0.asm.obj            2       0         0      
    +--+-----------------------+-------+---------+---------+
       Total:                  584     0         0      
                                                        
       Linker Generated:       0       20        0      
    +--+-----------------------+-------+---------+---------+
       Grand Total:            37436   1364      40     


LINKER GENERATED COPY TABLES

__TI_cinit_table @ 0000978c records: 1, size/record: 8, table size: 8
	.bss: load addr=00009780, load size=00000008 bytes, run addr=08001500, run size=00000028 bytes, compression=zero_init


LINKER GENERATED HANDLER TABLE

__TI_handler_table @ 00009788 records: 1, size/record: 4, table size: 4
	index: 0, handler: __TI_zero_init


GLOBAL SYMBOLS: SORTED ALPHABETICALLY BY Name 

address   name                                
-------   ----                                
00003cac  Automantenimiento                   
0000922f  C$$EXIT                             
00003d4c  GetPin                              
00004700  Outputs                             
UNDEFED   SHT$$INIT_ARRAY$$Base               
UNDEFED   SHT$$INIT_ARRAY$$Limit              
00003e24  SerialEntradas                      
00003f20  SerialSalidas                       
00003da4  Texto                               
0000978c  __TI_CINIT_Base                     
00009794  __TI_CINIT_Limit                    
00009788  __TI_Handler_Table_Base             
0000978c  __TI_Handler_Table_Limit            
00008688  __TI_PINIT_Base                     
0000868c  __TI_PINIT_Limit                    
000091b9  __TI_auto_init_nobinit_nopinit      
ffffffff  __TI_pprof_out_hndl                 
ffffffff  __TI_prof_data_size                 
ffffffff  __TI_prof_data_start                
00000000  __TI_static_base__                  
000091fd  __TI_zero_init_nomemset             
00009233  __aeabi_idiv0                       
00009233  __aeabi_ldiv0                       
000090cd  __aeabi_memcpy                      
000090cd  __aeabi_memcpy4                     
000090cd  __aeabi_memcpy8                     
00009168  __aeabi_uidiv                       
00009168  __aeabi_uidivmod                    
ffffffff  __binit__                           
ffffffff  __c_args__                          
08001500  __start___llvm_prf_cnts             
08001500  __stop___llvm_prf_cnts              
00008690  _c_int00                            
000085a0  _coreClearAuxiliaryDataFault_       
000085b4  _coreClearAuxiliaryInstructionFault_
00008578  _coreClearDataFaultAddress_         
00008550  _coreClearDataFault_                
0000858c  _coreClearInstructionFaultAddress_  
00008564  _coreClearInstructionFault_         
000084e4  _coreDisableEventBusExport_         
00008528  _coreDisableFlashEcc_               
00008504  _coreDisableRamEcc_                 
000084d4  _coreEnableEventBusExport_          
00008514  _coreEnableFlashEcc_                
00008538  _coreEnableIrqVicOffset_            
000084f4  _coreEnableRamEcc_                  
000084bc  _coreEnableVfp_                     
00008598  _coreGetAuxiliaryDataFault_         
000085ac  _coreGetAuxiliaryInstructionFault_  
00008570  _coreGetDataFaultAddress_           
00008548  _coreGetDataFault_                  
00008584  _coreGetInstructionFaultAddress_    
0000855c  _coreGetInstructionFault_           
00008344  _coreInitRegisters_                 
00008450  _coreInitStackPointer_              
00008e24  _dabort                             
000085c8  _disable_FIQ_interrupt_             
000085d0  _disable_IRQ_interrupt_             
000085c0  _disable_interrupt_                 
000085d8  _enable_interrupt_                  
00008668  _errata_CORTEXR4_57_                
00008678  _errata_CORTEXR4_66_                
00006cf4  _errata_SSWF021_45_both_plls        
00006ee8  _errata_SSWF021_45_pll1             
00007060  _errata_SSWF021_45_pll2             
000085e0  _esmCcmErrorsClear_                 
0000849c  _getCPSRValue_                      
000084a4  _gotoCPUIdle_                       
00009048  _pmuDisableCountersGlobal_          
00009038  _pmuEnableCountersGlobal_           
000090a4  _pmuGetCycleCount_                  
000090ac  _pmuGetEventCount_                  
000090b8  _pmuGetOverflow_                    
00008fec  _pmuInit_                           
00009078  _pmuResetCounters_                  
00009058  _pmuResetCycleCounter_              
00009068  _pmuResetEventCounters_             
00009098  _pmuSetCountEvent_                  
00009088  _pmuStartCounters_                  
00009090  _pmuStopCounters_                   
UNDEFED   _system_post_cinit                  
0000922f  abort                               
0000126c  adc1ParityCheck                     
00001358  adc2ParityCheck                     
ffffffff  binit                               
00001410  can1ParityCheck                     
000014e8  can2ParityCheck                     
000015b0  can3ParityCheck                     
00008c1c  canErrorNotification                
00008c44  canMessageNotification              
00008c30  canStatusChangeNotification         
000059cc  capGetSignal                        
00000030  ccmSelfCheck                        
000026fc  ccmr4GetConfigValue                 
00000938  checkB0RAMECC                       
00000b28  checkB1RAMECC                       
00001c18  checkClockMonitor                   
00000d18  checkFlashECC                       
00001cf4  checkFlashEEPROMECC                 
00001e8c  checkPLL1Slip                       
00001f8c  checkPLL2Slip                       
00002050  checkRAMAddrParity                  
000019d0  checkRAMECC                         
0000215c  checkRAMUERRTest                    
000007bc  checkefcSelfTest                    
00000234  cpuSelfTest                         
00000dfc  cpuSelfTestFail                     
000052e4  customTrimLPO                       
00000df4  custom_dabort                       
00002b58  disableParity                       
00008cfc  dmaGroupANotification               
00000eac  dmaParityCheck                      
0000598c  edgeDisableNotification             
00005950  edgeEnableNotification              
00005924  edgeGetCounter                      
00008cd4  edgeNotification                    
000058f8  edgeResetCounter                    
00000660  efcCheck                            
00002660  efcGetConfigValue                   
00000794  efcSelfTest                         
000006e8  efcStuckZeroTest                    
00002ad0  enableParity                        
0000276c  errata_PBIST_4                      
000074dc  esmActivateNormalOperation          
000075b0  esmClearStatus                      
000075f0  esmClearStatusBuffer                
000074a4  esmDisableError                     
00007514  esmDisableInterrupt                 
0000747c  esmEnableError                      
000074ec  esmEnableInterrupt                  
000076e8  esmEnterSelfTest                    
00007460  esmError                            
000077c0  esmGetConfigValue                   
0000762c  esmGetStatus                        
000076b0  esmGetStatusBuffer                  
00008bc4  esmGroup1Notification               
00008bd4  esmGroup2Notification               
00008d10  esmHighInterrupt                    
00007358  esmInit                             
00007770  esmSelfTestStatus                   
0000760c  esmSetCounterPreloadValue           
0000753c  esmSetInterruptLevel                
000074cc  esmTriggerErrorPinReset             
00008f0d  floor                               
00008f0d  floorl                              
000022c4  fmcBus1ParityCheck                  
0000085c  fmcBus2Check                        
00000898  fmcECCcheck                         
00008120  gioDisableNotification              
000080b8  gioEnableNotification               
00008020  gioGetBit                           
00008188  gioGetConfigValue                   
00008048  gioGetPort                          
00007ec0  gioInit                             
00008c58  gioNotification                     
00007fb0  gioSetBit                           
00007f90  gioSetDirection                     
00008000  gioSetPort                          
00008060  gioToggleBit                        
00009238  handlePLLLockFail                   
00005ad8  het1GetConfigValue                  
00000f58  het1ParityCheck                     
000010c0  het2ParityCheck                     
00005ac0  hetGetTimestamp                     
000053c0  hetInit                             
00008ce8  hetNotification                     
00005aa4  hetResetTimestamp                   
00001004  htu1ParityCheck                     
000011bc  htu2ParityCheck                     
00008c6c  i2cNotification                     
00003fd0  initPorts                           
00004788  inputs_sense                        
0000442c  logicaVel                           
0000435c  main                                
000049c4  mapClocks                           
000090cd  memcpy                              
00000174  memoryInit                          
00008be4  memoryPort0TestFailNotification     
00008c00  memoryPort1TestFailNotification     
00001684  mibspi1ParityCheck                  
00003600  mibspi3GetConfigValue               
0000178c  mibspi3ParityCheck                  
000038c4  mibspi5GetConfigValue               
000018b0  mibspi5ParityCheck                  
000035cc  mibspiDisableGroupNotification      
000034d8  mibspiDisableLoopback               
00003544  mibspiEnableGroupNotification       
000034a4  mibspiEnableLoopback                
000032bc  mibspiGetData                       
00008c94  mibspiGroupNotification             
00002cfc  mibspiInit                          
00003438  mibspiIsTransferComplete            
00008c80  mibspiNotification                  
000034f4  mibspiPmodeSet                      
000031b0  mibspiSetData                       
00003190  mibspiSetFunctional                 
00003408  mibspiTransfer                      
00007914  muxInit                             
000023ec  pbistFail                           
00002470  pbistGetConfigValue                 
000005a8  pbistIsTestCompleted                
000005d4  pbistIsTestPassed                   
00000608  pbistPortTestStatus                 
000004ac  pbistRun                            
000002cc  pbistSelfCheck                      
00000578  pbistStop                           
00004970  periphInit                          
00009234  phantomInterrupt                    
00007bfc  pinmuxGetConfigValue                
000058c8  pwmDisableNotification              
00005880  pwmEnableNotification               
000057a0  pwmGetSignal                        
00008cbc  pwmNotification                     
000054e8  pwmSetDuty                          
00005624  pwmSetSignal                        
00005480  pwmStart                            
000054b4  pwmStop                             
00000000  resetEntry                          
00006a14  sciDisableLoopback                  
00006aa0  sciDisableNotification              
000069e0  sciEnableLoopback                   
00006a38  sciEnableNotification               
00006b08  sciEnterResetState                  
00006b28  sciExitResetState                   
00006b48  sciGetConfigValue                   
0000654c  sciInit                             
00006890  sciIsIdleDetected                   
00006874  sciIsRxReady                        
000066f4  sciIsTxReady                        
00008ca8  sciNotification                     
00006908  sciReceive                          
000068dc  sciReceiveByte                      
000068ac  sciRxError                          
00006740  sciSend                             
00006710  sciSendByte                         
00006658  sciSetBaudrate                      
00006638  sciSetFunctional                    
00000020  selftestFailNotification            
00003d74  setPin                              
00004930  setupFlash                          
0000485c  setupPLL                            
000051a8  sramGetConfigValue                  
000025bc  stcGetConfigValue                   
000001b8  stcSelfCheck                        
00000df8  stcSelfCheckFail                    
00009219  strlen                              
00004be8  systemGetConfigValue                
00004aec  systemInit                          
00004bb8  systemPowerDown                     
00004ffc  tcmflashGetConfigValue              
000048bc  trimLPO                             
00005d88  vimChannelMap                       
00005f84  vimDisableInterrupt                 
00005e2c  vimEnableInterrupt                  
00006008  vimGetConfigValue                   
00005cb4  vimInit                             
00000e00  vimParityCheck                      
00008934  vimParityErrorHandler               


GLOBAL SYMBOLS: SORTED BY Symbol Address 

address   name                                
-------   ----                                
00000000  __TI_static_base__                  
00000000  resetEntry                          
00000020  selftestFailNotification            
00000030  ccmSelfCheck                        
00000174  memoryInit                          
000001b8  stcSelfCheck                        
00000234  cpuSelfTest                         
000002cc  pbistSelfCheck                      
000004ac  pbistRun                            
00000578  pbistStop                           
000005a8  pbistIsTestCompleted                
000005d4  pbistIsTestPassed                   
00000608  pbistPortTestStatus                 
00000660  efcCheck                            
000006e8  efcStuckZeroTest                    
00000794  efcSelfTest                         
000007bc  checkefcSelfTest                    
0000085c  fmcBus2Check                        
00000898  fmcECCcheck                         
00000938  checkB0RAMECC                       
00000b28  checkB1RAMECC                       
00000d18  checkFlashECC                       
00000df4  custom_dabort                       
00000df8  stcSelfCheckFail                    
00000dfc  cpuSelfTestFail                     
00000e00  vimParityCheck                      
00000eac  dmaParityCheck                      
00000f58  het1ParityCheck                     
00001004  htu1ParityCheck                     
000010c0  het2ParityCheck                     
000011bc  htu2ParityCheck                     
0000126c  adc1ParityCheck                     
00001358  adc2ParityCheck                     
00001410  can1ParityCheck                     
000014e8  can2ParityCheck                     
000015b0  can3ParityCheck                     
00001684  mibspi1ParityCheck                  
0000178c  mibspi3ParityCheck                  
000018b0  mibspi5ParityCheck                  
000019d0  checkRAMECC                         
00001c18  checkClockMonitor                   
00001cf4  checkFlashEEPROMECC                 
00001e8c  checkPLL1Slip                       
00001f8c  checkPLL2Slip                       
00002050  checkRAMAddrParity                  
0000215c  checkRAMUERRTest                    
000022c4  fmcBus1ParityCheck                  
000023ec  pbistFail                           
00002470  pbistGetConfigValue                 
000025bc  stcGetConfigValue                   
00002660  efcGetConfigValue                   
000026fc  ccmr4GetConfigValue                 
0000276c  errata_PBIST_4                      
00002ad0  enableParity                        
00002b58  disableParity                       
00002cfc  mibspiInit                          
00003190  mibspiSetFunctional                 
000031b0  mibspiSetData                       
000032bc  mibspiGetData                       
00003408  mibspiTransfer                      
00003438  mibspiIsTransferComplete            
000034a4  mibspiEnableLoopback                
000034d8  mibspiDisableLoopback               
000034f4  mibspiPmodeSet                      
00003544  mibspiEnableGroupNotification       
000035cc  mibspiDisableGroupNotification      
00003600  mibspi3GetConfigValue               
000038c4  mibspi5GetConfigValue               
00003cac  Automantenimiento                   
00003d4c  GetPin                              
00003d74  setPin                              
00003da4  Texto                               
00003e24  SerialEntradas                      
00003f20  SerialSalidas                       
00003fd0  initPorts                           
0000435c  main                                
0000442c  logicaVel                           
00004700  Outputs                             
00004788  inputs_sense                        
0000485c  setupPLL                            
000048bc  trimLPO                             
00004930  setupFlash                          
00004970  periphInit                          
000049c4  mapClocks                           
00004aec  systemInit                          
00004bb8  systemPowerDown                     
00004be8  systemGetConfigValue                
00004ffc  tcmflashGetConfigValue              
000051a8  sramGetConfigValue                  
000052e4  customTrimLPO                       
000053c0  hetInit                             
00005480  pwmStart                            
000054b4  pwmStop                             
000054e8  pwmSetDuty                          
00005624  pwmSetSignal                        
000057a0  pwmGetSignal                        
00005880  pwmEnableNotification               
000058c8  pwmDisableNotification              
000058f8  edgeResetCounter                    
00005924  edgeGetCounter                      
00005950  edgeEnableNotification              
0000598c  edgeDisableNotification             
000059cc  capGetSignal                        
00005aa4  hetResetTimestamp                   
00005ac0  hetGetTimestamp                     
00005ad8  het1GetConfigValue                  
00005cb4  vimInit                             
00005d88  vimChannelMap                       
00005e2c  vimEnableInterrupt                  
00005f84  vimDisableInterrupt                 
00006008  vimGetConfigValue                   
0000654c  sciInit                             
00006638  sciSetFunctional                    
00006658  sciSetBaudrate                      
000066f4  sciIsTxReady                        
00006710  sciSendByte                         
00006740  sciSend                             
00006874  sciIsRxReady                        
00006890  sciIsIdleDetected                   
000068ac  sciRxError                          
000068dc  sciReceiveByte                      
00006908  sciReceive                          
000069e0  sciEnableLoopback                   
00006a14  sciDisableLoopback                  
00006a38  sciEnableNotification               
00006aa0  sciDisableNotification              
00006b08  sciEnterResetState                  
00006b28  sciExitResetState                   
00006b48  sciGetConfigValue                   
00006cf4  _errata_SSWF021_45_both_plls        
00006ee8  _errata_SSWF021_45_pll1             
00007060  _errata_SSWF021_45_pll2             
00007358  esmInit                             
00007460  esmError                            
0000747c  esmEnableError                      
000074a4  esmDisableError                     
000074cc  esmTriggerErrorPinReset             
000074dc  esmActivateNormalOperation          
000074ec  esmEnableInterrupt                  
00007514  esmDisableInterrupt                 
0000753c  esmSetInterruptLevel                
000075b0  esmClearStatus                      
000075f0  esmClearStatusBuffer                
0000760c  esmSetCounterPreloadValue           
0000762c  esmGetStatus                        
000076b0  esmGetStatusBuffer                  
000076e8  esmEnterSelfTest                    
00007770  esmSelfTestStatus                   
000077c0  esmGetConfigValue                   
00007914  muxInit                             
00007bfc  pinmuxGetConfigValue                
00007ec0  gioInit                             
00007f90  gioSetDirection                     
00007fb0  gioSetBit                           
00008000  gioSetPort                          
00008020  gioGetBit                           
00008048  gioGetPort                          
00008060  gioToggleBit                        
000080b8  gioEnableNotification               
00008120  gioDisableNotification              
00008188  gioGetConfigValue                   
00008344  _coreInitRegisters_                 
00008450  _coreInitStackPointer_              
0000849c  _getCPSRValue_                      
000084a4  _gotoCPUIdle_                       
000084bc  _coreEnableVfp_                     
000084d4  _coreEnableEventBusExport_          
000084e4  _coreDisableEventBusExport_         
000084f4  _coreEnableRamEcc_                  
00008504  _coreDisableRamEcc_                 
00008514  _coreEnableFlashEcc_                
00008528  _coreDisableFlashEcc_               
00008538  _coreEnableIrqVicOffset_            
00008548  _coreGetDataFault_                  
00008550  _coreClearDataFault_                
0000855c  _coreGetInstructionFault_           
00008564  _coreClearInstructionFault_         
00008570  _coreGetDataFaultAddress_           
00008578  _coreClearDataFaultAddress_         
00008584  _coreGetInstructionFaultAddress_    
0000858c  _coreClearInstructionFaultAddress_  
00008598  _coreGetAuxiliaryDataFault_         
000085a0  _coreClearAuxiliaryDataFault_       
000085ac  _coreGetAuxiliaryInstructionFault_  
000085b4  _coreClearAuxiliaryInstructionFault_
000085c0  _disable_interrupt_                 
000085c8  _disable_FIQ_interrupt_             
000085d0  _disable_IRQ_interrupt_             
000085d8  _enable_interrupt_                  
000085e0  _esmCcmErrorsClear_                 
00008668  _errata_CORTEXR4_57_                
00008678  _errata_CORTEXR4_66_                
00008688  __TI_PINIT_Base                     
0000868c  __TI_PINIT_Limit                    
00008690  _c_int00                            
00008934  vimParityErrorHandler               
00008bc4  esmGroup1Notification               
00008bd4  esmGroup2Notification               
00008be4  memoryPort0TestFailNotification     
00008c00  memoryPort1TestFailNotification     
00008c1c  canErrorNotification                
00008c30  canStatusChangeNotification         
00008c44  canMessageNotification              
00008c58  gioNotification                     
00008c6c  i2cNotification                     
00008c80  mibspiNotification                  
00008c94  mibspiGroupNotification             
00008ca8  sciNotification                     
00008cbc  pwmNotification                     
00008cd4  edgeNotification                    
00008ce8  hetNotification                     
00008cfc  dmaGroupANotification               
00008d10  esmHighInterrupt                    
00008e24  _dabort                             
00008f0d  floor                               
00008f0d  floorl                              
00008fec  _pmuInit_                           
00009038  _pmuEnableCountersGlobal_           
00009048  _pmuDisableCountersGlobal_          
00009058  _pmuResetCycleCounter_              
00009068  _pmuResetEventCounters_             
00009078  _pmuResetCounters_                  
00009088  _pmuStartCounters_                  
00009090  _pmuStopCounters_                   
00009098  _pmuSetCountEvent_                  
000090a4  _pmuGetCycleCount_                  
000090ac  _pmuGetEventCount_                  
000090b8  _pmuGetOverflow_                    
000090cd  __aeabi_memcpy                      
000090cd  __aeabi_memcpy4                     
000090cd  __aeabi_memcpy8                     
000090cd  memcpy                              
00009168  __aeabi_uidiv                       
00009168  __aeabi_uidivmod                    
000091b9  __TI_auto_init_nobinit_nopinit      
000091fd  __TI_zero_init_nomemset             
00009219  strlen                              
0000922f  C$$EXIT                             
0000922f  abort                               
00009233  __aeabi_idiv0                       
00009233  __aeabi_ldiv0                       
00009234  phantomInterrupt                    
00009238  handlePLLLockFail                   
00009788  __TI_Handler_Table_Base             
0000978c  __TI_CINIT_Base                     
0000978c  __TI_Handler_Table_Limit            
00009794  __TI_CINIT_Limit                    
08001500  __start___llvm_prf_cnts             
08001500  __stop___llvm_prf_cnts              
ffffffff  __TI_pprof_out_hndl                 
ffffffff  __TI_prof_data_size                 
ffffffff  __TI_prof_data_start                
ffffffff  __binit__                           
ffffffff  __c_args__                          
ffffffff  binit                               
UNDEFED   SHT$$INIT_ARRAY$$Base               
UNDEFED   SHT$$INIT_ARRAY$$Limit              
UNDEFED   _system_post_cinit                  

[258 symbols]
